Turbo Assembler	 Version 2.0	    04/02/19 18:17:57	    Page 1
pract3b.ASM



      1				     ;;;;;;;;;;;;;;;;;;;;;;;;;;;;;;;;;;;;;;;;;;;;;;;;;;;;;;;;;;;;;
      2				     ;			     SBM 2016. Practica	3 - Apartado b				     ;
      3				     ;	 Pareja	7 - Miguel Manzano y Juan Martin				     ;
      4				     ;;;;;;;;;;;;;;;;;;;;;;;;;;;;;;;;;;;;;;;;;;;;;;;;;;;;;;;;;;;;;
      5
      6	0000			     _TEXT SEGMENT BYTE	PUBLIC 'CODE'		     ;;	Definición del	segmento de código
      7				     ASSUME CS:_TEXT
      8
      9
     10					     PUBLIC _createBarCode
     11	0000				     _createBarCode PROC FAR
     12
     13	0000  55				     PUSH BP
     14	0001  8B EC				     MOV BP, SP
     15	0003  53 51 52 56 57 1E	06		     PUSH BX CX	DX SI DI DS ES
     16
     17	000A  8B 46 12				     MOV AX, [BP+18]								    +
     18				     ;country code
     19
     20
     21
     22
     23
     24
     25
     26
     27
     28
     29	000D  07 1F 5F 5E 5A 59	5B		     POP ES DS DI SI DX	CX BX
     30	0014  5D				     POP BP
     31	0015  CB				     RET
     32	0016				     _createBarCode ENDP
     33
     34
     35	0016			     _TEXT ENDS
     36				     END
Turbo Assembler	 Version 2.0	    04/02/19 18:17:57	    Page 2
Symbol Table




Symbol Name			  Type	 Value

??date				  Text	 "04/02/19"
??filename			  Text	 "pract3b "
??time				  Text	 "18:17:57"
??version			  Number 0200
@Cpu				  Text	 0101H
@FileName			  Text	 pract3b
@WordSize			  Text	 2
@curseg				  Text	 _TEXT
_createBarCode			  Far	 _TEXT:0000

Groups & Segments		  Bit Size Align  Combine Class

_TEXT				  16  0016 Byte	  Public  CODE
